
> backend@1.0.0 dev
> nodemon src/server.js

[33m[nodemon] 3.1.14[39m
[33m[nodemon] to restart at any time, enter `rs`[39m
[33m[nodemon] watching path(s): *.*[39m
[33m[nodemon] watching extensions: js,mjs,cjs,json[39m
[32m[nodemon] starting `node src/server.js`[39m
◇ injected env (3) from .env // tip: ⌘ custom filepath { path: '/custom/path/.env' }
🚀 Servidor corriendo en puerto 3000
Error al obtener historial: {
  message: 'TypeError: fetch failed',
  details: 'TypeError: fetch failed\n' +
    '\n' +
    'Caused by: Error: getaddrinfo ENOTFOUND hirmhvjfoafbpblyffsk.supabase.co (ENOTFOUND)\n' +
    'Error: getaddrinfo ENOTFOUND hirmhvjfoafbpblyffsk.supabase.co\n' +
    '    at GetAddrInfoReqWrap.onlookupall [as oncomplete] (node:dns:122:26)',
  hint: '',
  code: ''
}
Error al guardar: {
  message: 'TypeError: fetch failed',
  details: 'TypeError: fetch failed\n' +
    '\n' +
    'Caused by: Error: getaddrinfo ENOTFOUND hirmhvjfoafbpblyffsk.supabase.co (ENOTFOUND)\n' +
    'Error: getaddrinfo ENOTFOUND hirmhvjfoafbpblyffsk.supabase.co\n' +
    '    at GetAddrInfoReqWrap.onlookupall [as oncomplete] (node:dns:122:26)',
  hint: '',
  code: ''
}
Error al obtener historial: {
  message: 'TypeError: fetch failed',
  details: 'TypeError: fetch failed\n' +
    '\n' +
    'Caused by: Error: getaddrinfo ENOTFOUND hirmhvjfoafbpblyffsk.supabase.co (ENOTFOUND)\n' +
    'Error: getaddrinfo ENOTFOUND hirmhvjfoafbpblyffsk.supabase.co\n' +
    '    at GetAddrInfoReqWrap.onlookupall [as oncomplete] (node:dns:122:26)',
  hint: '',
  code: ''
}
Error al obtener historial: {
  message: 'TypeError: fetch failed',
  details: 'TypeError: fetch failed\n' +
    '\n' +
    'Caused by: Error: getaddrinfo ENOTFOUND hirmhvjfoafbpblyffsk.supabase.co (ENOTFOUND)\n' +
    'Error: getaddrinfo ENOTFOUND hirmhvjfoafbpblyffsk.supabase.co\n' +
    '    at GetAddrInfoReqWrap.onlookupall [as oncomplete] (node:dns:122:26)',
  hint: '',
  code: ''
}
Error al obtener historial: {
  message: 'TypeError: fetch failed',
  details: 'TypeError: fetch failed\n' +
    '\n' +
    'Caused by: Error: getaddrinfo ENOTFOUND hirmhvjfoafbpblyffsk.supabase.co (ENOTFOUND)\n' +
    'Error: getaddrinfo ENOTFOUND hirmhvjfoafbpblyffsk.supabase.co\n' +
    '    at GetAddrInfoReqWrap.onlookupall [as oncomplete] (node:dns:122:26)',
  hint: '',
  code: ''
}
Error al obtener historial: {
  message: 'TypeError: fetch failed',
  details: 'TypeError: fetch failed\n' +
    '\n' +
    'Caused by: Error: getaddrinfo ENOTFOUND hirmhvjfoafbpblyffsk.supabase.co (ENOTFOUND)\n' +
    'Error: getaddrinfo ENOTFOUND hirmhvjfoafbpblyffsk.supabase.co\n' +
    '    at GetAddrInfoReqWrap.onlookupall [as oncomplete] (node:dns:122:26)',
  hint: '',
  code: ''
}
Error al obtener historial: {
  message: 'TypeError: fetch failed',
  details: 'TypeError: fetch failed\n' +
    '\n' +
    'Caused by: Error: getaddrinfo ENOTFOUND hirmhvjfoafbpblyffsk.supabase.co (ENOTFOUND)\n' +
    'Error: getaddrinfo ENOTFOUND hirmhvjfoafbpblyffsk.supabase.co\n' +
    '    at GetAddrInfoReqWrap.onlookupall [as oncomplete] (node:dns:122:26)',
  hint: '',
  code: ''
}
Error al obtener historial: {
  message: 'TypeError: fetch failed',
  details: 'TypeError: fetch failed\n' +
    '\n' +
    'Caused by: Error: getaddrinfo ENOTFOUND hirmhvjfoafbpblyffsk.supabase.co (ENOTFOUND)\n' +
    'Error: getaddrinfo ENOTFOUND hirmhvjfoafbpblyffsk.supabase.co\n' +
    '    at GetAddrInfoReqWrap.onlookupall [as oncomplete] (node:dns:122:26)',
  hint: '',
  code: ''
}
Error al obtener historial: {
  message: 'TypeError: fetch failed',
  details: 'TypeError: fetch failed\n' +
    '\n' +
    'Caused by: Error: getaddrinfo ENOTFOUND hirmhvjfoafbpblyffsk.supabase.co (ENOTFOUND)\n' +
    'Error: getaddrinfo ENOTFOUND hirmhvjfoafbpblyffsk.supabase.co\n' +
    '    at GetAddrInfoReqWrap.onlookupall [as oncomplete] (node:dns:122:26)',
  hint: '',
  code: ''
}
Error al obtener historial: {
  message: 'TypeError: fetch failed',
  details: 'TypeError: fetch failed\n' +
    '\n' +
    'Caused by: Error: getaddrinfo ENOTFOUND hirmhvjfoafbpblyffsk.supabase.co (ENOTFOUND)\n' +
    'Error: getaddrinfo ENOTFOUND hirmhvjfoafbpblyffsk.supabase.co\n' +
    '    at GetAddrInfoReqWrap.onlookupall [as oncomplete] (node:dns:122:26)',
  hint: '',
  code: ''
}
Error al obtener historial: {
  message: 'TypeError: fetch failed',
  details: 'TypeError: fetch failed\n' +
    '\n' +
    'Caused by: Error: getaddrinfo ENOTFOUND hirmhvjfoafbpblyffsk.supabase.co (ENOTFOUND)\n' +
    'Error: getaddrinfo ENOTFOUND hirmhvjfoafbpblyffsk.supabase.co\n' +
    '    at GetAddrInfoReqWrap.onlookupall [as oncomplete] (node:dns:122:26)',
  hint: '',
  code: ''
}
